
> portfolio-web-next@0.1.0 build
> next build

   Γû▓ Next.js 15.5.12

   Creating an optimized production build ...
node.exe : <w> 
[webpack.cache.PackFileCacheStrategy] 
Skipped not serializable cache item 'Com
pilation/modules|C:\Projects\Portfolio-W
eb\node_modules\next\dist\build\webpack\
loaders\css-loader\src\index.js??ruleSet
[1].rules[14].oneOf[10].use[2]!C:\Projec
ts\Portfolio-Web\node_modules\next\dist\
build\webpack\loaders\postcss-loader\src
\index.js??ruleSet[1].rules[14].oneOf[10
].use[3]!C:\Projects\Portfolio-Web\app\g
lobals.css': No serializer registered 
for PostCSSSyntaxError
At line:1 char:1
+ & "C:\Program Files\nodejs/node.exe" 
"C:\Program Files\nodejs/node_mo ...
+ ~~~~~~~~~~~~~~~~~~~~~~~~~~~~~~~~~~~~~~
~~~~~~~~~~~~~~~~~~~~~~~~~~~~~~~
    + CategoryInfo          : NotS    
pecified: (<w> [webpack.ca...t    
CSSSyntaxError:String) [], Rem    
oteException
    + FullyQualifiedErrorId : Nati    
veCommandError
 
<w> while serializing webpack/lib/cache/
PackFileCacheStrategy.PackContentItems 
-> webpack/lib/NormalModule -> 
webpack/lib/ModuleBuildError -> 
PostCSSSyntaxError
Failed to compile.

./app/globals.css:94:5
Syntax error: C:\Projects\Portfolio-Web\
app\globals.css The 
`shadow-[0_4px_30px_rgba(0,` class does 
not exist. If 
`shadow-[0_4px_30px_rgba(0,` is a 
custom class, make sure it is defined 
within a `@layer` directive.

 [90m 92 | [39m  [90m/* Futuristic 
UI Utilities */[39m
 [90m 93 | [39m  
[33m.glass-panel[39m [33m{[39m
[1m[31m>[39m[22m[90m 94 | [39m    
[36m@apply[39m bg-background/40 
backdrop-blur-xl border border-white/10 
shadow-[33m[[39m[36m0_4px_30px_rgba[
39m[36m(0, 0, 0, 
0.5)[39m[33m][39m[33m;[39m
 [90m    | [39m    
[1m[31m^[39m[22m
 [90m 95 | [39m  [33m}[39m
 [90m 96 | [39m

./app/globals.css
Syntax error: C:\Projects\Portfolio-Web\
app\globals.css The 
`shadow-[0_4px_30px_rgba(0,` class does 
not exist. If 
`shadow-[0_4px_30px_rgba(0,` is a 
custom class, make sure it is defined 
within a `@layer` directive. (94:5)

 [90m 92 | [39m  [90m/* Futuristic 
UI Utilities */[39m
 [90m 93 | [39m  
[33m.glass-panel[39m [33m{[39m
[1m[31m>[39m[22m[90m 94 | [39m    
[36m@apply[39m bg-background/40 
backdrop-blur-xl border border-white/10 
shadow-[33m[[39m[36m0_4px_30px_rgba[
39m[36m(0, 0, 0, 
0.5)[39m[33m][39m[33m;[39m
 [90m    | [39m    
[1m[31m^[39m[22m
 [90m 95 | [39m  [33m}[39m
 [90m 96 | [39m

    at tryRunOrWebpackError (C:\Projects
\Portfolio-Web\node_modules\next\dist\co
mpiled\webpack\bundle5.js:29:316119)
    at __webpack_require_module__ (C:\Pr
ojects\Portfolio-Web\node_modules\next\d
ist\compiled\webpack\bundle5.js:29:13153
2)
    at 
__nested_webpack_require_161494__ (C:\Pr
ojects\Portfolio-Web\node_modules\next\d
ist\compiled\webpack\bundle5.js:29:13096
7)
    at C:\Projects\Portfolio-Web\node_mo
dules\next\dist\compiled\webpack\bundle5
.js:29:131824
    at symbolIterator (C:\Projects\Portf
olio-Web\node_modules\next\dist\compiled
\neo-async\async.js:1:14444)
    at done (C:\Projects\Portfolio-Web\n
ode_modules\next\dist\compiled\neo-async
\async.js:1:14824)
    at Hook.eval [as callAsync] (eval 
at create (C:\Projects\Portfolio-Web\nod
e_modules\next\dist\compiled\webpack\bun
dle5.js:14:9224), <anonymous>:15:1)
    at Hook.CALL_ASYNC_DELEGATE [as 
_callAsync] (C:\Projects\Portfolio-Web\n
ode_modules\next\dist\compiled\webpack\b
undle5.js:14:6378)
    at C:\Projects\Portfolio-Web\node_mo
dules\next\dist\compiled\webpack\bundle5
.js:29:130687
    at symbolIterator (C:\Projects\Portf
olio-Web\node_modules\next\dist\compiled
\neo-async\async.js:1:14402)
-- inner error --
Syntax error: C:\Projects\Portfolio-Web\
app\globals.css The 
`shadow-[0_4px_30px_rgba(0,` class does 
not exist. If 
`shadow-[0_4px_30px_rgba(0,` is a 
custom class, make sure it is defined 
within a `@layer` directive. (94:5)

 [90m 92 | [39m  [90m/* Futuristic 
UI Utilities */[39m
 [90m 93 | [39m  
[33m.glass-panel[39m [33m{[39m
[1m[31m>[39m[22m[90m 94 | [39m    
[36m@apply[39m bg-background/40 
backdrop-blur-xl border border-white/10 
shadow-[33m[[39m[36m0_4px_30px_rgba[
39m[36m(0, 0, 0, 
0.5)[39m[33m][39m[33m;[39m
 [90m    | [39m    
[1m[31m^[39m[22m
 [90m 95 | [39m  [33m}[39m
 [90m 96 | [39m

    at Object.<anonymous> (C:\Projects\P
ortfolio-Web\node_modules\next\dist\buil
d\webpack\loaders\css-loader\src\index.j
s??ruleSet[1].rules[14].oneOf[10].use[2]
!C:\Projects\Portfolio-Web\node_modules\
next\dist\build\webpack\loaders\postcss-
loader\src\index.js??ruleSet[1].rules[14
].oneOf[10].use[3]!C:\Projects\Portfolio
-Web\app\globals.css:1:7)
    at C:\Projects\Portfolio-Web\node_mo
dules\next\dist\compiled\webpack\bundle5
.js:29:962717
    at Hook.eval [as call] (eval at 
create (C:\Projects\Portfolio-Web\node_m
odules\next\dist\compiled\webpack\bundle
5.js:14:9002), <anonymous>:7:1)
    at Hook.CALL_DELEGATE [as _call] (C:
\Projects\Portfolio-Web\node_modules\nex
t\dist\compiled\webpack\bundle5.js:14:62
72)
    at C:\Projects\Portfolio-Web\node_mo
dules\next\dist\compiled\webpack\bundle5
.js:29:131565
    at tryRunOrWebpackError (C:\Projects
\Portfolio-Web\node_modules\next\dist\co
mpiled\webpack\bundle5.js:29:316073)
    at __webpack_require_module__ (C:\Pr
ojects\Portfolio-Web\node_modules\next\d
ist\compiled\webpack\bundle5.js:29:13153
2)
    at 
__nested_webpack_require_161494__ (C:\Pr
ojects\Portfolio-Web\node_modules\next\d
ist\compiled\webpack\bundle5.js:29:13096
7)
    at C:\Projects\Portfolio-Web\node_mo
dules\next\dist\compiled\webpack\bundle5
.js:29:131824
    at symbolIterator (C:\Projects\Portf
olio-Web\node_modules\next\dist\compiled
\neo-async\async.js:1:14444)

Generated code for C:\Projects\Portfolio
-Web\node_modules\next\dist\build\webpac
k\loaders\css-loader\src\index.js??ruleS
et[1].rules[14].oneOf[10].use[2]!C:\Proj
ects\Portfolio-Web\node_modules\next\dis
t\build\webpack\loaders\postcss-loader\s
rc\index.js??ruleSet[1].rules[14].oneOf[
10].use[3]!C:\Projects\Portfolio-Web\app
\globals.css

Import trace for requested module:
./app/globals.css


> Build failed because of webpack errors
